[www.atypicalthemes.com/portfolio/vertiglast_demo/pages/click-through-style-one/parallax/index.html]
[backblue.gif]
[fade.gif]
[index.html]
[www.atypicalthemes.com/portfolio/vertiglast_demo/pages/click-through-style-one/parallax/images/favicon/apple-icon-57x57.png]
[www.atypicalthemes.com/portfolio/vertiglast_demo/pages/click-through-style-one/parallax/images/favicon/apple-icon-60x60.png]
[www.atypicalthemes.com/portfolio/vertiglast_demo/pages/click-through-style-one/parallax/images/favicon/apple-icon-72x72.png]
[www.atypicalthemes.com/portfolio/vertiglast_demo/pages/click-through-style-one/parallax/images/favicon/apple-icon-76x76.png]
[www.atypicalthemes.com/portfolio/vertiglast_demo/pages/click-through-style-one/parallax/images/favicon/apple-icon-114x114.png]
[www.atypicalthemes.com/portfolio/vertiglast_demo/pages/click-through-style-one/parallax/images/favicon/apple-icon-120x120.png]
[www.atypicalthemes.com/portfolio/vertiglast_demo/pages/click-through-style-one/parallax/images/favicon/apple-icon-144x144.png]
[www.atypicalthemes.com/portfolio/vertiglast_demo/pages/click-through-style-one/parallax/images/favicon/apple-icon-152x152.png]
[www.atypicalthemes.com/portfolio/vertiglast_demo/pages/click-through-style-one/parallax/images/favicon/apple-icon-180x180.png]
[www.atypicalthemes.com/portfolio/vertiglast_demo/pages/click-through-style-one/parallax/images/favicon/android-icon-192x192.png]
[www.atypicalthemes.com/portfolio/vertiglast_demo/pages/click-through-style-one/parallax/images/favicon/favicon-32x32.png]
[www.atypicalthemes.com/portfolio/vertiglast_demo/pages/click-through-style-one/parallax/images/favicon/favicon-96x96.png]
[www.atypicalthemes.com/portfolio/vertiglast_demo/pages/click-through-style-one/parallax/images/favicon/favicon-16x16.png]
[www.atypicalthemes.com/portfolio/vertiglast_demo/pages/click-through-style-one/parallax/css/bootstrap.min.css]
[www.atypicalthemes.com/portfolio/vertiglast_demo/pages/click-through-style-one/parallax/css/linearicons.min.css]
[www.atypicalthemes.com/portfolio/vertiglast_demo/pages/click-through-style-one/parallax/css/animations.css]
[www.atypicalthemes.com/portfolio/vertiglast_demo/pages/click-through-style-one/parallax/css/lightbox.min.css]
[www.atypicalthemes.com/portfolio/vertiglast_demo/pages/click-through-style-one/parallax/css/style.css]
[www.atypicalthemes.com/portfolio/vertiglast_demo/pages/click-through-style-one/parallax/images/city.svg]
[www.atypicalthemes.com/portfolio/vertiglast_demo/pages/click-through-style-one/parallax/images/placeholder.jpg]
[www.atypicalthemes.com/portfolio/vertiglast_demo/pages/click-through-style-one/parallax/images/plan1.png]
[www.atypicalthemes.com/portfolio/vertiglast_demo/pages/click-through-style-one/parallax/images/plan2.png]
[www.atypicalthemes.com/portfolio/vertiglast_demo/pages/click-through-style-one/parallax/images/img4.1.jpg]
[www.atypicalthemes.com/portfolio/vertiglast_demo/pages/click-through-style-one/parallax/images/add.svg]
[www.atypicalthemes.com/portfolio/vertiglast_demo/pages/click-through-style-one/parallax/images/img4.2.jpg]
[www.atypicalthemes.com/portfolio/vertiglast_demo/pages/click-through-style-one/parallax/images/img5.1.jpg]
[www.atypicalthemes.com/portfolio/vertiglast_demo/pages/click-through-style-one/parallax/images/img3.jpg]
[www.atypicalthemes.com/portfolio/vertiglast_demo/pages/click-through-style-one/parallax/images/brand1.png]
[www.atypicalthemes.com/portfolio/vertiglast_demo/pages/click-through-style-one/parallax/images/brand2.png]
[www.atypicalthemes.com/portfolio/vertiglast_demo/pages/click-through-style-one/parallax/images/brand3.png]
[www.atypicalthemes.com/portfolio/vertiglast_demo/pages/click-through-style-one/parallax/images/brand4.png]
[www.atypicalthemes.com/portfolio/vertiglast_demo/pages/click-through-style-one/parallax/images/brand5.png]
[www.atypicalthemes.com/portfolio/vertiglast_demo/pages/click-through-style-one/parallax/js/jquery-3.2.1.min.js]
[www.atypicalthemes.com/portfolio/vertiglast_demo/pages/click-through-style-one/parallax/js/popper.min.js]
[www.atypicalthemes.com/portfolio/vertiglast_demo/pages/click-through-style-one/parallax/js/bootstrap.min.js]
[www.atypicalthemes.com/portfolio/vertiglast_demo/pages/click-through-style-one/parallax/js/blazy.min.js]
[www.atypicalthemes.com/portfolio/vertiglast_demo/pages/click-through-style-one/parallax/js/lightbox.min.js]
[www.atypicalthemes.com/portfolio/vertiglast_demo/pages/click-through-style-one/parallax/index.html]
[www.atypicalthemes.com/portfolio/vertiglast_demo/pages/click-through-style-one/parallax/js/vertiglast.js]
[www.atypicalthemes.com/portfolio/vertiglast_demo/pages/click-through-style-one/parallax/css/bootstrap.min.css]
[www.atypicalthemes.com/portfolio/vertiglast_demo/pages/click-through-style-one/parallax/fonts/Linearicons-Free54e9.eot]
[www.atypicalthemes.com/portfolio/vertiglast_demo/pages/click-through-style-one/parallax/fonts/Linearicons-Freed41d.eot]
[www.atypicalthemes.com/portfolio/vertiglast_demo/pages/click-through-style-one/parallax/fonts/Linearicons-Free54e9.woff2]
[www.atypicalthemes.com/portfolio/vertiglast_demo/pages/click-through-style-one/parallax/fonts/Linearicons-Free54e9.woff]
[www.atypicalthemes.com/portfolio/vertiglast_demo/pages/click-through-style-one/parallax/fonts/Linearicons-Free54e9.ttf]
[www.atypicalthemes.com/portfolio/vertiglast_demo/pages/click-through-style-one/parallax/css/linearicons.min.css]
[www.atypicalthemes.com/portfolio/vertiglast_demo/pages/click-through-style-one/parallax/css/animations.css]
[www.atypicalthemes.com/portfolio/vertiglast_demo/pages/click-through-style-one/parallax/fonts/Linearicons-Free54e9.svg]
[www.atypicalthemes.com/portfolio/vertiglast_demo/pages/click-through-style-one/parallax/images/close.png]
[www.atypicalthemes.com/portfolio/vertiglast_demo/pages/click-through-style-one/parallax/images/loading.gif]
[www.atypicalthemes.com/portfolio/vertiglast_demo/pages/click-through-style-one/parallax/images/prev.png]
[www.atypicalthemes.com/portfolio/vertiglast_demo/pages/click-through-style-one/parallax/images/next.png]
[www.atypicalthemes.com/portfolio/vertiglast_demo/pages/click-through-style-one/parallax/css/lightbox.min.css]
[www.atypicalthemes.com/portfolio/vertiglast_demo/pages/click-through-style-one/parallax/images/hero.jpg]
[www.atypicalthemes.com/portfolio/vertiglast_demo/pages/click-through-style-one/parallax/css/style.css]
[www.atypicalthemes.com/portfolio/vertiglast_demo/pages/click-through-style-one/parallax/images/city.svg]
[www.atypicalthemes.com/portfolio/vertiglast_demo/pages/click-through-style-one/parallax/images/add.svg]
[www.atypicalthemes.com/portfolio/vertiglast_demo/pages/click-through-style-one/parallax/fonts/Linearicons-Free54e9.svg]
